// Jest Snapshot v1, https://goo.gl/fbAQLP

exports[`App snapshot 1`] = `
<div>
  <div
    class="sc-jrQzAO jFjnHv content"
  >
    <header
      class="content--header header"
    >
      <a
        href="/"
      >
        <img
          alt="home logo"
          class="header--home-link"
          src="homeLogo.png"
        />
      </a>
      <form
        action="/search/"
        class="sc-gKclnd pXNNj header--search search"
      >
        <input
          class="search--input"
          placeholder="Search movie or character..."
          type="search"
          value=""
        />
        <a
          href="/search/"
        >
          <img
            alt="lens"
            class="search--btn"
            src="searchImg.png"
          />
        </a>
      </form>
    </header>
    <div
      class="sc-dkPtRN iYKAki"
    >
      <div
        class="main-logo"
      >
        <img
          alt="main logo"
          class="main-logo--img"
          src="mainLogo.jpeg"
        />
      </div>
      <h3>
        MOVIES
      </h3>
      <ul
        class="sc-gsDKAQ enRQhp films-list"
      />
      <br />
    </div>
    <footer
      class="content--footer"
    >
      <p>
        Created by Inna Tasun Â© 2021
      </p>
    </footer>
  </div>
</div>
`;
