// Jest Snapshot v1, https://goo.gl/fbAQLP

exports[`StarringNav snapshot 1`] = `
<div>
  <ul
    class="sc-gsDKAQ dsupdE starring-list"
  />
</div>
`;
